<?xml version="1.0" encoding="ISO-8859-1" ?>
<link_info>
   <banner>TMS320C2000 Linker PC v22.6.1.LTS</banner>
   <copyright>Copyright (c) 1996-2018 Texas Instruments Incorporated</copyright>
   <link_time>0x675be4e2</link_time>
   <link_errors>0x0</link_errors>
   <output_file>TUBITAK_ADC_ReadingVoltage_From_CurrentSensor.out</output_file>
   <entry_point>
      <name>_c_int00</name>
      <address>0x830b4</address>
   </entry_point>
   <input_file_list>
      <input_file id="fl-2">
         <path>.\common\source\</path>
         <kind>object</kind>
         <file>F2837xD_Adc.obj</file>
         <name>F2837xD_Adc.obj</name>
      </input_file>
      <input_file id="fl-3">
         <path>.\common\source\</path>
         <kind>object</kind>
         <file>F2837xD_CodeStartBranch.obj</file>
         <name>F2837xD_CodeStartBranch.obj</name>
      </input_file>
      <input_file id="fl-4">
         <path>.\common\source\</path>
         <kind>object</kind>
         <file>F2837xD_CpuTimers.obj</file>
         <name>F2837xD_CpuTimers.obj</name>
      </input_file>
      <input_file id="fl-5">
         <path>.\common\source\</path>
         <kind>object</kind>
         <file>F2837xD_DBGIER.obj</file>
         <name>F2837xD_DBGIER.obj</name>
      </input_file>
      <input_file id="fl-6">
         <path>.\common\source\</path>
         <kind>object</kind>
         <file>F2837xD_DefaultISR.obj</file>
         <name>F2837xD_DefaultISR.obj</name>
      </input_file>
      <input_file id="fl-7">
         <path>.\common\source\</path>
         <kind>object</kind>
         <file>F2837xD_Dma.obj</file>
         <name>F2837xD_Dma.obj</name>
      </input_file>
      <input_file id="fl-8">
         <path>.\common\source\</path>
         <kind>object</kind>
         <file>F2837xD_ECap.obj</file>
         <name>F2837xD_ECap.obj</name>
      </input_file>
      <input_file id="fl-9">
         <path>.\common\source\</path>
         <kind>object</kind>
         <file>F2837xD_EPwm.obj</file>
         <name>F2837xD_EPwm.obj</name>
      </input_file>
      <input_file id="fl-a">
         <path>.\common\source\</path>
         <kind>object</kind>
         <file>F2837xD_EQep.obj</file>
         <name>F2837xD_EQep.obj</name>
      </input_file>
      <input_file id="fl-b">
         <path>.\common\source\</path>
         <kind>object</kind>
         <file>F2837xD_Emif.obj</file>
         <name>F2837xD_Emif.obj</name>
      </input_file>
      <input_file id="fl-c">
         <path>.\common\source\</path>
         <kind>object</kind>
         <file>F2837xD_Gpio.obj</file>
         <name>F2837xD_Gpio.obj</name>
      </input_file>
      <input_file id="fl-d">
         <path>.\common\source\</path>
         <kind>object</kind>
         <file>F2837xD_I2C.obj</file>
         <name>F2837xD_I2C.obj</name>
      </input_file>
      <input_file id="fl-e">
         <path>.\common\source\</path>
         <kind>object</kind>
         <file>F2837xD_Ipc.obj</file>
         <name>F2837xD_Ipc.obj</name>
      </input_file>
      <input_file id="fl-f">
         <path>.\common\source\</path>
         <kind>object</kind>
         <file>F2837xD_Ipc_Driver.obj</file>
         <name>F2837xD_Ipc_Driver.obj</name>
      </input_file>
      <input_file id="fl-10">
         <path>.\common\source\</path>
         <kind>object</kind>
         <file>F2837xD_Ipc_Driver_Lite.obj</file>
         <name>F2837xD_Ipc_Driver_Lite.obj</name>
      </input_file>
      <input_file id="fl-11">
         <path>.\common\source\</path>
         <kind>object</kind>
         <file>F2837xD_Ipc_Driver_Util.obj</file>
         <name>F2837xD_Ipc_Driver_Util.obj</name>
      </input_file>
      <input_file id="fl-12">
         <path>.\common\source\</path>
         <kind>object</kind>
         <file>F2837xD_Mcbsp.obj</file>
         <name>F2837xD_Mcbsp.obj</name>
      </input_file>
      <input_file id="fl-13">
         <path>.\common\source\</path>
         <kind>object</kind>
         <file>F2837xD_PieCtrl.obj</file>
         <name>F2837xD_PieCtrl.obj</name>
      </input_file>
      <input_file id="fl-14">
         <path>.\common\source\</path>
         <kind>object</kind>
         <file>F2837xD_PieVect.obj</file>
         <name>F2837xD_PieVect.obj</name>
      </input_file>
      <input_file id="fl-15">
         <path>.\common\source\</path>
         <kind>object</kind>
         <file>F2837xD_Sci.obj</file>
         <name>F2837xD_Sci.obj</name>
      </input_file>
      <input_file id="fl-16">
         <path>.\common\source\</path>
         <kind>object</kind>
         <file>F2837xD_Spi.obj</file>
         <name>F2837xD_Spi.obj</name>
      </input_file>
      <input_file id="fl-17">
         <path>.\common\source\</path>
         <kind>object</kind>
         <file>F2837xD_SysCtrl.obj</file>
         <name>F2837xD_SysCtrl.obj</name>
      </input_file>
      <input_file id="fl-18">
         <path>.\common\source\</path>
         <kind>object</kind>
         <file>F2837xD_TempSensorConv.obj</file>
         <name>F2837xD_TempSensorConv.obj</name>
      </input_file>
      <input_file id="fl-19">
         <path>.\common\source\</path>
         <kind>object</kind>
         <file>F2837xD_Upp.obj</file>
         <name>F2837xD_Upp.obj</name>
      </input_file>
      <input_file id="fl-1a">
         <path>.\common\source\</path>
         <kind>object</kind>
         <file>F2837xD_can.obj</file>
         <name>F2837xD_can.obj</name>
      </input_file>
      <input_file id="fl-1b">
         <path>.\common\source\</path>
         <kind>object</kind>
         <file>F2837xD_sci_io.obj</file>
         <name>F2837xD_sci_io.obj</name>
      </input_file>
      <input_file id="fl-1c">
         <path>.\common\source\</path>
         <kind>object</kind>
         <file>F2837xD_sdfm_drivers.obj</file>
         <name>F2837xD_sdfm_drivers.obj</name>
      </input_file>
      <input_file id="fl-1d">
         <path>.\common\source\</path>
         <kind>object</kind>
         <file>F2837xD_struct.obj</file>
         <name>F2837xD_struct.obj</name>
      </input_file>
      <input_file id="fl-1e">
         <path>.\common\source\</path>
         <kind>object</kind>
         <file>F2837xD_usDelay.obj</file>
         <name>F2837xD_usDelay.obj</name>
      </input_file>
      <input_file id="fl-1f">
         <path>.\common\source\</path>
         <kind>object</kind>
         <file>device.obj</file>
         <name>device.obj</name>
      </input_file>
      <input_file id="fl-20">
         <path>.\headers\source\</path>
         <kind>object</kind>
         <file>F2837xD_GlobalVariableDefs.obj</file>
         <name>F2837xD_GlobalVariableDefs.obj</name>
      </input_file>
      <input_file id="fl-21">
         <path>.\src\</path>
         <kind>object</kind>
         <file>main.obj</file>
         <name>main.obj</name>
      </input_file>
      <input_file id="fl-27">
         <kind>object</kind>
         <file>&lt;internal&gt;</file>
         <name>&lt;internal&gt;</name>
      </input_file>
      <input_file id="fl-2b">
         <path>C:\ti\c2000\C2000Ware_5_04_00_00\driverlib\f2837xd\driverlib\ccs\Debug\</path>
         <kind>archive</kind>
         <file>driverlib_coff.lib</file>
         <name>adc.obj</name>
      </input_file>
      <input_file id="fl-2c">
         <path>C:\ti\c2000\C2000Ware_5_04_00_00\driverlib\f2837xd\driverlib\ccs\Debug\</path>
         <kind>archive</kind>
         <file>driverlib_coff.lib</file>
         <name>flash.obj</name>
      </input_file>
      <input_file id="fl-2d">
         <path>C:\ti\c2000\C2000Ware_5_04_00_00\driverlib\f2837xd\driverlib\ccs\Debug\</path>
         <kind>archive</kind>
         <file>driverlib_coff.lib</file>
         <name>gpio.obj</name>
      </input_file>
      <input_file id="fl-2e">
         <path>C:\ti\c2000\C2000Ware_5_04_00_00\driverlib\f2837xd\driverlib\ccs\Debug\</path>
         <kind>archive</kind>
         <file>driverlib_coff.lib</file>
         <name>interrupt.obj</name>
      </input_file>
      <input_file id="fl-2f">
         <path>C:\ti\c2000\C2000Ware_5_04_00_00\driverlib\f2837xd\driverlib\ccs\Debug\</path>
         <kind>archive</kind>
         <file>driverlib_coff.lib</file>
         <name>sysctl.obj</name>
      </input_file>
      <input_file id="fl-3b">
         <path>C:\ti\ccs1281\ccs\tools\compiler\ti-cgt-c2000_22.6.1.LTS\lib\</path>
         <kind>archive</kind>
         <file>rts2800_fpu32.lib</file>
         <name>boot28.asm.obj</name>
      </input_file>
      <input_file id="fl-3c">
         <path>C:\ti\ccs1281\ccs\tools\compiler\ti-cgt-c2000_22.6.1.LTS\lib\</path>
         <kind>archive</kind>
         <file>rts2800_fpu32.lib</file>
         <name>fs_div28.asm.obj</name>
      </input_file>
      <input_file id="fl-3d">
         <path>C:\ti\ccs1281\ccs\tools\compiler\ti-cgt-c2000_22.6.1.LTS\lib\</path>
         <kind>archive</kind>
         <file>rts2800_fpu32.lib</file>
         <name>ll_aox28.asm.obj</name>
      </input_file>
      <input_file id="fl-3e">
         <path>C:\ti\ccs1281\ccs\tools\compiler\ti-cgt-c2000_22.6.1.LTS\lib\</path>
         <kind>archive</kind>
         <file>rts2800_fpu32.lib</file>
         <name>cpy_tbl.c.obj</name>
      </input_file>
      <input_file id="fl-3f">
         <path>C:\ti\ccs1281\ccs\tools\compiler\ti-cgt-c2000_22.6.1.LTS\lib\</path>
         <kind>archive</kind>
         <file>rts2800_fpu32.lib</file>
         <name>memcpy.c.obj</name>
      </input_file>
      <input_file id="fl-40">
         <path>C:\ti\ccs1281\ccs\tools\compiler\ti-cgt-c2000_22.6.1.LTS\lib\</path>
         <kind>archive</kind>
         <file>rts2800_fpu32.lib</file>
         <name>pre_init.c.obj</name>
      </input_file>
      <input_file id="fl-41">
         <path>C:\ti\ccs1281\ccs\tools\compiler\ti-cgt-c2000_22.6.1.LTS\lib\</path>
         <kind>archive</kind>
         <file>rts2800_fpu32.lib</file>
         <name>startup.c.obj</name>
      </input_file>
      <input_file id="fl-42">
         <path>C:\ti\ccs1281\ccs\tools\compiler\ti-cgt-c2000_22.6.1.LTS\lib\</path>
         <kind>archive</kind>
         <file>rts2800_fpu32.lib</file>
         <name>exit.c.obj</name>
      </input_file>
      <input_file id="fl-43">
         <path>C:\ti\ccs1281\ccs\tools\compiler\ti-cgt-c2000_22.6.1.LTS\lib\</path>
         <kind>archive</kind>
         <file>rts2800_fpu32.lib</file>
         <name>_lock.c.obj</name>
      </input_file>
      <input_file id="fl-44">
         <path>C:\ti\ccs1281\ccs\tools\compiler\ti-cgt-c2000_22.6.1.LTS\lib\</path>
         <kind>archive</kind>
         <file>rts2800_fpu32.lib</file>
         <name>args_main.c.obj</name>
      </input_file>
      <input_file id="fl-45">
         <path>C:\ti\ccs1281\ccs\tools\compiler\ti-cgt-c2000_22.6.1.LTS\lib\</path>
         <kind>archive</kind>
         <file>rts2800_fpu32.lib</file>
         <name>memset.c.obj</name>
      </input_file>
   </input_file_list>
   <object_component_list>
      <object_component id="oc-15e">
         <name>.cinit:_TRIP_SEL</name>
         <load_address>0x82000</load_address>
         <run_address>0x82000</run_address>
         <size>0x21</size>
         <input_file_ref idref="fl-1d"/>
      </object_component>
      <object_component id="oc-18e">
         <name>.cinit:_EPWM</name>
         <load_address>0x82021</load_address>
         <run_address>0x82021</run_address>
         <size>0x1d</size>
         <input_file_ref idref="fl-1d"/>
      </object_component>
      <object_component id="oc-14e">
         <name>.cinit:_ECAP</name>
         <load_address>0x8203e</load_address>
         <run_address>0x8203e</run_address>
         <size>0x11</size>
         <input_file_ref idref="fl-1d"/>
      </object_component>
      <object_component id="oc-126">
         <name>.cinit</name>
         <load_address>0x8204f</load_address>
         <run_address>0x8204f</run_address>
         <size>0xf</size>
         <input_file_ref idref="fl-1f"/>
      </object_component>
      <object_component id="oc-1f4">
         <name>.cinit</name>
         <load_address>0x8205e</load_address>
         <run_address>0x8205e</run_address>
         <size>0xe</size>
         <input_file_ref idref="fl-42"/>
      </object_component>
      <object_component id="oc-187">
         <name>.cinit:_ADC</name>
         <load_address>0x8206c</load_address>
         <run_address>0x8206c</run_address>
         <size>0xd</size>
         <input_file_ref idref="fl-1d"/>
      </object_component>
      <object_component id="oc-162">
         <name>.cinit:_EQEP</name>
         <load_address>0x82079</load_address>
         <run_address>0x82079</run_address>
         <size>0xb</size>
         <input_file_ref idref="fl-1d"/>
      </object_component>
      <object_component id="oc-144">
         <name>.cinit:_SPI</name>
         <load_address>0x82084</load_address>
         <run_address>0x82084</run_address>
         <size>0xb</size>
         <input_file_ref idref="fl-1d"/>
      </object_component>
      <object_component id="oc-182">
         <name>.cinit:_SDFM</name>
         <load_address>0x8208f</load_address>
         <run_address>0x8208f</run_address>
         <size>0x9</size>
         <input_file_ref idref="fl-1d"/>
      </object_component>
      <object_component id="oc-1a6">
         <name>.cinit</name>
         <load_address>0x82098</load_address>
         <run_address>0x82098</run_address>
         <size>0x9</size>
         <input_file_ref idref="fl-21"/>
      </object_component>
      <object_component id="oc-166">
         <name>.cinit:_I2C</name>
         <load_address>0x820a1</load_address>
         <run_address>0x820a1</run_address>
         <size>0x7</size>
         <input_file_ref idref="fl-1d"/>
      </object_component>
      <object_component id="oc-16a">
         <name>.cinit:_MCBSP</name>
         <load_address>0x820a8</load_address>
         <run_address>0x820a8</run_address>
         <size>0x7</size>
         <input_file_ref idref="fl-1d"/>
      </object_component>
      <object_component id="oc-13f">
         <name>.cinit:_SCI</name>
         <load_address>0x820af</load_address>
         <run_address>0x820af</run_address>
         <size>0x7</size>
         <input_file_ref idref="fl-1d"/>
      </object_component>
      <object_component id="oc-21b">
         <name>.cinit:__lock</name>
         <load_address>0x820b6</load_address>
         <run_address>0x820b6</run_address>
         <size>0x5</size>
         <input_file_ref idref="fl-43"/>
      </object_component>
      <object_component id="oc-221">
         <name>.cinit:__unlock</name>
         <load_address>0x820bb</load_address>
         <run_address>0x820bb</run_address>
         <size>0x5</size>
         <input_file_ref idref="fl-43"/>
      </object_component>
      <object_component id="oc-113">
         <name>.cinit</name>
         <load_address>0x820c0</load_address>
         <run_address>0x820c0</run_address>
         <size>0x4</size>
         <input_file_ref idref="fl-1b"/>
      </object_component>
      <object_component id="oc-a5">
         <name>.text:retain</name>
         <load_address>0x820c8</load_address>
         <run_address>0x820c8</run_address>
         <size>0x585</size>
         <input_file_ref idref="fl-6"/>
      </object_component>
      <object_component id="oc-21c">
         <name>.text</name>
         <load_address>0x8264d</load_address>
         <run_address>0x8264d</run_address>
         <size>0x3fc</size>
         <input_file_ref idref="fl-1f"/>
      </object_component>
      <object_component id="oc-219">
         <name>.text</name>
         <load_address>0x82a49</load_address>
         <run_address>0x82a49</run_address>
         <size>0x213</size>
         <input_file_ref idref="fl-21"/>
      </object_component>
      <object_component id="oc-224">
         <name>.text:_SysCtl_setClock</name>
         <load_address>0x82c5c</load_address>
         <run_address>0x82c5c</run_address>
         <size>0x209</size>
         <input_file_ref idref="fl-2f"/>
      </object_component>
      <object_component id="oc-23f">
         <name>.text:_SysCtl_selectXTAL</name>
         <load_address>0x82e65</load_address>
         <run_address>0x82e65</run_address>
         <size>0x90</size>
         <input_file_ref idref="fl-2f"/>
      </object_component>
      <object_component id="oc-1d5">
         <name>.text</name>
         <load_address>0x82ef5</load_address>
         <run_address>0x82ef5</run_address>
         <size>0x88</size>
         <input_file_ref idref="fl-3c"/>
      </object_component>
      <object_component id="oc-22d">
         <name>.text:_ADC_setINLTrim</name>
         <load_address>0x82f7d</load_address>
         <run_address>0x82f7d</run_address>
         <size>0x6f</size>
         <input_file_ref idref="fl-2b"/>
      </object_component>
      <object_component id="oc-223">
         <name>.text:_SysCtl_getDeviceParametric</name>
         <load_address>0x82fec</load_address>
         <run_address>0x82fec</run_address>
         <size>0x68</size>
         <input_file_ref idref="fl-2f"/>
      </object_component>
      <object_component id="oc-22e">
         <name>.text:_ADC_setOffsetTrim</name>
         <load_address>0x83054</load_address>
         <run_address>0x83054</run_address>
         <size>0x60</size>
         <input_file_ref idref="fl-2b"/>
      </object_component>
      <object_component id="oc-8d">
         <name>.text</name>
         <load_address>0x830b4</load_address>
         <run_address>0x830b4</run_address>
         <size>0x56</size>
         <input_file_ref idref="fl-3b"/>
      </object_component>
      <object_component id="oc-225">
         <name>.text:_SysCtl_getClock</name>
         <load_address>0x8310a</load_address>
         <run_address>0x8310a</run_address>
         <size>0x51</size>
         <input_file_ref idref="fl-2f"/>
      </object_component>
      <object_component id="oc-23c">
         <name>.text:_SysCtl_selectOscSource</name>
         <load_address>0x8315b</load_address>
         <run_address>0x8315b</run_address>
         <size>0x48</size>
         <input_file_ref idref="fl-2f"/>
      </object_component>
      <object_component id="oc-21d">
         <name>.text:_Interrupt_initModule</name>
         <load_address>0x831a3</load_address>
         <run_address>0x831a3</run_address>
         <size>0x3d</size>
         <input_file_ref idref="fl-2e"/>
      </object_component>
      <object_component id="oc-22a">
         <name>.text:_GPIO_setControllerCore</name>
         <load_address>0x831e0</load_address>
         <run_address>0x831e0</run_address>
         <size>0x37</size>
         <input_file_ref idref="fl-2d"/>
      </object_component>
      <object_component id="oc-229">
         <name>.text:_GPIO_setPinConfig</name>
         <load_address>0x83217</load_address>
         <run_address>0x83217</run_address>
         <size>0x37</size>
         <input_file_ref idref="fl-2d"/>
      </object_component>
      <object_component id="oc-228">
         <name>.text:_GPIO_setQualificationMode</name>
         <load_address>0x8324e</load_address>
         <run_address>0x8324e</run_address>
         <size>0x37</size>
         <input_file_ref idref="fl-2d"/>
      </object_component>
      <object_component id="oc-227">
         <name>.text:_GPIO_setDirectionMode</name>
         <load_address>0x83285</load_address>
         <run_address>0x83285</run_address>
         <size>0x31</size>
         <input_file_ref idref="fl-2d"/>
      </object_component>
      <object_component id="oc-21f">
         <name>.text:_ADC_setMode</name>
         <load_address>0x832b6</load_address>
         <run_address>0x832b6</run_address>
         <size>0x2f</size>
         <input_file_ref idref="fl-2b"/>
      </object_component>
      <object_component id="oc-20d">
         <name>.text</name>
         <load_address>0x832e5</load_address>
         <run_address>0x832e5</run_address>
         <size>0x29</size>
         <input_file_ref idref="fl-42"/>
      </object_component>
      <object_component id="oc-243">
         <name>.text:_CPUTimer_selectClockSource</name>
         <load_address>0x8330e</load_address>
         <run_address>0x8330e</run_address>
         <size>0x28</size>
         <input_file_ref idref="fl-2f"/>
      </object_component>
      <object_component id="oc-232">
         <name>.text:_Flash_setBankPowerUpDelay</name>
         <load_address>0x83336</load_address>
         <run_address>0x83336</run_address>
         <size>0x26</size>
         <input_file_ref idref="fl-2c"/>
      </object_component>
      <object_component id="oc-20a">
         <name>.text</name>
         <load_address>0x8335c</load_address>
         <run_address>0x8335c</run_address>
         <size>0x24</size>
         <input_file_ref idref="fl-3e"/>
      </object_component>
      <object_component id="oc-249">
         <name>.text:_CPUTimer_getTimerOverflowStatus</name>
         <load_address>0x83380</load_address>
         <run_address>0x83380</run_address>
         <size>0x1f</size>
         <input_file_ref idref="fl-2f"/>
      </object_component>
      <object_component id="oc-21e">
         <name>.text:_Interrupt_initVectorTable</name>
         <load_address>0x8339f</load_address>
         <run_address>0x8339f</run_address>
         <size>0x1e</size>
         <input_file_ref idref="fl-2e"/>
      </object_component>
      <object_component id="oc-218">
         <name>.text</name>
         <load_address>0x833bd</load_address>
         <run_address>0x833bd</run_address>
         <size>0x1d</size>
         <input_file_ref idref="fl-3f"/>
      </object_component>
      <object_component id="oc-22c">
         <name>.text:_ADC_isBaseValid</name>
         <load_address>0x833da</load_address>
         <run_address>0x833da</run_address>
         <size>0x1b</size>
         <input_file_ref idref="fl-2b"/>
      </object_component>
      <object_component id="oc-245">
         <name>.text:_CPUTimer_startTimer</name>
         <load_address>0x833f5</load_address>
         <run_address>0x833f5</run_address>
         <size>0x1a</size>
         <input_file_ref idref="fl-2f"/>
      </object_component>
      <object_component id="oc-226">
         <name>.text:_SysCtl_getLowSpeedClock</name>
         <load_address>0x8340f</load_address>
         <run_address>0x8340f</run_address>
         <size>0x1a</size>
         <input_file_ref idref="fl-2f"/>
      </object_component>
      <object_component id="oc-1da">
         <name>.text</name>
         <load_address>0x83429</load_address>
         <run_address>0x83429</run_address>
         <size>0x18</size>
         <input_file_ref idref="fl-3d"/>
      </object_component>
      <object_component id="oc-248">
         <name>.text:_CPUTimer_isBaseValid</name>
         <load_address>0x83441</load_address>
         <run_address>0x83441</run_address>
         <size>0x17</size>
         <input_file_ref idref="fl-2f"/>
      </object_component>
      <object_component id="oc-1c0">
         <name>.text:_Interrupt_defaultHandler</name>
         <load_address>0x83458</load_address>
         <run_address>0x83458</run_address>
         <size>0x16</size>
         <input_file_ref idref="fl-2e"/>
      </object_component>
      <object_component id="oc-241">
         <name>.text:_CPUTimer_stopTimer</name>
         <load_address>0x8346e</load_address>
         <run_address>0x8346e</run_address>
         <size>0x14</size>
         <input_file_ref idref="fl-2f"/>
      </object_component>
      <object_component id="oc-244">
         <name>.text:_CPUTimer_clearOverflowFlag</name>
         <load_address>0x83482</load_address>
         <run_address>0x83482</run_address>
         <size>0x12</size>
         <input_file_ref idref="fl-2f"/>
      </object_component>
      <object_component id="oc-240">
         <name>.text:_CPUTimer_disableInterrupt</name>
         <load_address>0x83494</load_address>
         <run_address>0x83494</run_address>
         <size>0x12</size>
         <input_file_ref idref="fl-2f"/>
      </object_component>
      <object_component id="oc-20c">
         <name>.text</name>
         <load_address>0x834a6</load_address>
         <run_address>0x834a6</run_address>
         <size>0x12</size>
         <input_file_ref idref="fl-44"/>
      </object_component>
      <object_component id="oc-242">
         <name>.text:_CPUTimer_setPeriod</name>
         <load_address>0x834b8</load_address>
         <run_address>0x834b8</run_address>
         <size>0x11</size>
         <input_file_ref idref="fl-2f"/>
      </object_component>
      <object_component id="oc-230">
         <name>.text:_Flash_isCtrlBaseValid</name>
         <load_address>0x834c9</load_address>
         <run_address>0x834c9</run_address>
         <size>0x10</size>
         <input_file_ref idref="fl-2c"/>
      </object_component>
      <object_component id="oc-231">
         <name>.text:_Flash_isECCBaseValid</name>
         <load_address>0x834d9</load_address>
         <run_address>0x834d9</run_address>
         <size>0x10</size>
         <input_file_ref idref="fl-2c"/>
      </object_component>
      <object_component id="oc-246">
         <name>.text:_SysCtl_pollCpuTimer</name>
         <load_address>0x834e9</load_address>
         <run_address>0x834e9</run_address>
         <size>0xf</size>
         <input_file_ref idref="fl-2f"/>
      </object_component>
      <object_component id="oc-23e">
         <name>.text:_GPIO_isPinValid</name>
         <load_address>0x834f8</load_address>
         <run_address>0x834f8</run_address>
         <size>0xe</size>
         <input_file_ref idref="fl-2d"/>
      </object_component>
      <object_component id="oc-22b">
         <name>.text:_Interrupt_disableGlobal</name>
         <load_address>0x83506</load_address>
         <run_address>0x83506</run_address>
         <size>0xd</size>
         <input_file_ref idref="fl-2e"/>
      </object_component>
      <object_component id="oc-23b">
         <name>.text:_SysCtl_isMCDClockFailureDetected</name>
         <load_address>0x83513</load_address>
         <run_address>0x83513</run_address>
         <size>0xb</size>
         <input_file_ref idref="fl-2f"/>
      </object_component>
      <object_component id="oc-1c1">
         <name>.text:_Interrupt_illegalOperationHandler</name>
         <load_address>0x8351e</load_address>
         <run_address>0x8351e</run_address>
         <size>0xa</size>
         <input_file_ref idref="fl-2e"/>
      </object_component>
      <object_component id="oc-1c2">
         <name>.text:_Interrupt_nmiHandler</name>
         <load_address>0x83528</load_address>
         <run_address>0x83528</run_address>
         <size>0xa</size>
         <input_file_ref idref="fl-2e"/>
      </object_component>
      <object_component id="oc-23d">
         <name>.text:_SysCtl_serviceWatchdog</name>
         <load_address>0x83532</load_address>
         <run_address>0x83532</run_address>
         <size>0x9</size>
         <input_file_ref idref="fl-2f"/>
      </object_component>
      <object_component id="oc-220">
         <name>.text</name>
         <load_address>0x8353b</load_address>
         <run_address>0x8353b</run_address>
         <size>0x9</size>
         <input_file_ref idref="fl-43"/>
      </object_component>
      <object_component id="oc-93">
         <name>.text</name>
         <load_address>0x83544</load_address>
         <run_address>0x83544</run_address>
         <size>0x8</size>
         <input_file_ref idref="fl-3"/>
      </object_component>
      <object_component id="oc-247">
         <name>.text:_SysCtl_resetMCD</name>
         <load_address>0x8354c</load_address>
         <run_address>0x8354c</run_address>
         <size>0x7</size>
         <input_file_ref idref="fl-2f"/>
      </object_component>
      <object_component id="oc-9f">
         <name>.text</name>
         <load_address>0x83553</load_address>
         <run_address>0x83553</run_address>
         <size>0x3</size>
         <input_file_ref idref="fl-5"/>
      </object_component>
      <object_component id="oc-209">
         <name>.text</name>
         <load_address>0x83556</load_address>
         <run_address>0x83556</run_address>
         <size>0x2</size>
         <input_file_ref idref="fl-40"/>
      </object_component>
      <object_component id="oc-20b">
         <name>.text</name>
         <load_address>0x83558</load_address>
         <run_address>0x83558</run_address>
         <size>0x1</size>
         <input_file_ref idref="fl-41"/>
      </object_component>
      <object_component id="oc-94">
         <name>codestart</name>
         <load_address>0x80000</load_address>
         <run_address>0x80000</run_address>
         <size>0x2</size>
         <input_file_ref idref="fl-3"/>
      </object_component>
      <object_component id="oc-222">
         <name>.TI.ramfunc:_Flash_initModule</name>
         <load_address>0x86000</load_address>
         <run_address>0x8000</run_address>
         <size>0x43</size>
         <input_file_ref idref="fl-2c"/>
      </object_component>
      <object_component id="oc-233">
         <name>.TI.ramfunc:_Flash_setBankPowerMode</name>
         <load_address>0x86043</load_address>
         <run_address>0x8043</run_address>
         <size>0x2c</size>
         <input_file_ref idref="fl-2c"/>
      </object_component>
      <object_component id="oc-237">
         <name>.TI.ramfunc:_Flash_setWaitstates</name>
         <load_address>0x8606f</load_address>
         <run_address>0x806f</run_address>
         <size>0x24</size>
         <input_file_ref idref="fl-2c"/>
      </object_component>
      <object_component id="oc-234">
         <name>.TI.ramfunc:_Flash_setPumpPowerMode</name>
         <load_address>0x86093</load_address>
         <run_address>0x8093</run_address>
         <size>0x1d</size>
         <input_file_ref idref="fl-2c"/>
      </object_component>
      <object_component id="oc-235">
         <name>.TI.ramfunc:_Flash_disableCache</name>
         <load_address>0x860b0</load_address>
         <run_address>0x80b0</run_address>
         <size>0x18</size>
         <input_file_ref idref="fl-2c"/>
      </object_component>
      <object_component id="oc-236">
         <name>.TI.ramfunc:_Flash_disablePrefetch</name>
         <load_address>0x860c8</load_address>
         <run_address>0x80c8</run_address>
         <size>0x18</size>
         <input_file_ref idref="fl-2c"/>
      </object_component>
      <object_component id="oc-238">
         <name>.TI.ramfunc:_Flash_enableCache</name>
         <load_address>0x860e0</load_address>
         <run_address>0x80e0</run_address>
         <size>0x17</size>
         <input_file_ref idref="fl-2c"/>
      </object_component>
      <object_component id="oc-239">
         <name>.TI.ramfunc:_Flash_enablePrefetch</name>
         <load_address>0x860f7</load_address>
         <run_address>0x80f7</run_address>
         <size>0x17</size>
         <input_file_ref idref="fl-2c"/>
      </object_component>
      <object_component id="oc-23a">
         <name>.TI.ramfunc:_Flash_enableECC</name>
         <load_address>0x8610e</load_address>
         <run_address>0x810e</run_address>
         <size>0x16</size>
         <input_file_ref idref="fl-2c"/>
      </object_component>
      <object_component id="oc-120">
         <name>.TI.ramfunc</name>
         <load_address>0x86124</load_address>
         <run_address>0x8124</run_address>
         <size>0x4</size>
         <input_file_ref idref="fl-1e"/>
      </object_component>
      <object_component id="oc-1c9">
         <name>.TI.ramfunc</name>
         <load_address>0x86128</load_address>
         <run_address>0x8128</run_address>
         <size>0x4</size>
         <input_file_ref idref="fl-2f"/>
      </object_component>
      <object_component id="oc-1cf">
         <name>.stack</name>
         <uninitialized>true</uninitialized>
         <run_address>0x400</run_address>
         <size>0x0</size>
         <input_file_ref idref="fl-3b"/>
      </object_component>
      <object_component id="oc-2dd">
         <name>.stack</name>
         <uninitialized>true</uninitialized>
         <run_address>0x400</run_address>
         <size>0x0</size>
      </object_component>
      <object_component id="oc-211">
         <name>.ebss:_TRIP_SEL</name>
         <uninitialized>true</uninitialized>
         <run_address>0xa800</run_address>
         <size>0x1e</size>
         <input_file_ref idref="fl-1d"/>
      </object_component>
      <object_component id="oc-217">
         <name>.ebss:_EPWM</name>
         <uninitialized>true</uninitialized>
         <run_address>0xa81e</run_address>
         <size>0x1a</size>
         <input_file_ref idref="fl-1d"/>
      </object_component>
      <object_component id="oc-212">
         <name>.ebss:_EQEP</name>
         <uninitialized>true</uninitialized>
         <run_address>0xa838</run_address>
         <size>0x8</size>
         <input_file_ref idref="fl-1d"/>
      </object_component>
      <object_component id="oc-9a">
         <name>.ebss</name>
         <uninitialized>true</uninitialized>
         <run_address>0xa840</run_address>
         <size>0x18</size>
         <input_file_ref idref="fl-4"/>
      </object_component>
      <object_component id="oc-210">
         <name>.ebss:_ECAP</name>
         <uninitialized>true</uninitialized>
         <run_address>0xa858</run_address>
         <size>0xe</size>
         <input_file_ref idref="fl-1d"/>
      </object_component>
      <object_component id="oc-216">
         <name>.ebss:_ADC</name>
         <uninitialized>true</uninitialized>
         <run_address>0xa866</run_address>
         <size>0xa</size>
         <input_file_ref idref="fl-1d"/>
      </object_component>
      <object_component id="oc-1a7">
         <name>.ebss</name>
         <uninitialized>true</uninitialized>
         <run_address>0xa870</run_address>
         <size>0xa</size>
         <input_file_ref idref="fl-21"/>
      </object_component>
      <object_component id="oc-103">
         <name>.ebss</name>
         <uninitialized>true</uninitialized>
         <run_address>0xa87a</run_address>
         <size>0x6</size>
         <input_file_ref idref="fl-18"/>
      </object_component>
      <object_component id="oc-20f">
         <name>.ebss:_SPI</name>
         <uninitialized>true</uninitialized>
         <run_address>0xa880</run_address>
         <size>0x8</size>
         <input_file_ref idref="fl-1d"/>
      </object_component>
      <object_component id="oc-215">
         <name>.ebss:_SDFM</name>
         <uninitialized>true</uninitialized>
         <run_address>0xa888</run_address>
         <size>0x6</size>
         <input_file_ref idref="fl-1d"/>
      </object_component>
      <object_component id="oc-127">
         <name>.ebss</name>
         <uninitialized>true</uninitialized>
         <run_address>0xa88e</run_address>
         <size>0x6</size>
         <input_file_ref idref="fl-1f"/>
      </object_component>
      <object_component id="oc-1f5">
         <name>.ebss</name>
         <uninitialized>true</uninitialized>
         <run_address>0xa894</run_address>
         <size>0x6</size>
         <input_file_ref idref="fl-42"/>
      </object_component>
      <object_component id="oc-213">
         <name>.ebss:_I2C</name>
         <uninitialized>true</uninitialized>
         <run_address>0xa89a</run_address>
         <size>0x4</size>
         <input_file_ref idref="fl-1d"/>
      </object_component>
      <object_component id="oc-214">
         <name>.ebss:_MCBSP</name>
         <uninitialized>true</uninitialized>
         <run_address>0xa89e</run_address>
         <size>0x4</size>
         <input_file_ref idref="fl-1d"/>
      </object_component>
      <object_component id="oc-20e">
         <name>.ebss:_SCI</name>
         <uninitialized>true</uninitialized>
         <run_address>0xa8a2</run_address>
         <size>0x4</size>
         <input_file_ref idref="fl-1d"/>
      </object_component>
      <object_component id="oc-21a">
         <name>.ebss:__lock</name>
         <uninitialized>true</uninitialized>
         <run_address>0xa8a6</run_address>
         <size>0x2</size>
         <input_file_ref idref="fl-43"/>
      </object_component>
      <object_component id="oc-22f">
         <name>.ebss:__unlock</name>
         <uninitialized>true</uninitialized>
         <run_address>0xa8a8</run_address>
         <size>0x2</size>
         <input_file_ref idref="fl-43"/>
      </object_component>
      <object_component id="oc-114">
         <name>.ebss</name>
         <uninitialized>true</uninitialized>
         <run_address>0xa8aa</run_address>
         <size>0x1</size>
         <input_file_ref idref="fl-1b"/>
      </object_component>
      <object_component id="oc-1ca">
         <name>.econst:.string</name>
         <load_address>0x90000</load_address>
         <run_address>0x90000</run_address>
         <size>0xc2</size>
         <input_file_ref idref="fl-2f"/>
      </object_component>
      <object_component id="oc-1b4">
         <name>.econst:.string</name>
         <load_address>0x900c2</load_address>
         <run_address>0x900c2</run_address>
         <size>0xbf</size>
         <input_file_ref idref="fl-2c"/>
      </object_component>
      <object_component id="oc-1ba">
         <name>.econst:.string</name>
         <load_address>0x90182</load_address>
         <run_address>0x90182</run_address>
         <size>0xbc</size>
         <input_file_ref idref="fl-2d"/>
      </object_component>
      <object_component id="oc-1c3">
         <name>.econst:.string</name>
         <load_address>0x9023e</load_address>
         <run_address>0x9023e</run_address>
         <size>0x63</size>
         <input_file_ref idref="fl-2e"/>
      </object_component>
      <object_component id="oc-1ae">
         <name>.econst:.string</name>
         <load_address>0x902a2</load_address>
         <run_address>0x902a2</run_address>
         <size>0x5d</size>
         <input_file_ref idref="fl-2b"/>
      </object_component>
      <object_component id="oc-128">
         <name>.econst:.string</name>
         <load_address>0x90300</load_address>
         <run_address>0x90300</run_address>
         <size>0x4f</size>
         <input_file_ref idref="fl-1f"/>
      </object_component>
      <object_component id="oc-1a8">
         <name>.econst:.string</name>
         <load_address>0x90350</load_address>
         <run_address>0x90350</run_address>
         <size>0x43</size>
         <input_file_ref idref="fl-21"/>
      </object_component>
      <object_component id="oc-1d0">
         <name>.reset</name>
         <load_address>0x3fffc0</load_address>
         <run_address>0x3fffc0</run_address>
         <size>0x2</size>
         <input_file_ref idref="fl-3b"/>
      </object_component>
      <object_component id="oc-d7">
         <name>PUTBUFFER</name>
         <uninitialized>true</uninitialized>
         <run_address>0x3fc00</run_address>
         <size>0x80</size>
         <input_file_ref idref="fl-f"/>
      </object_component>
      <object_component id="oc-d3">
         <name>PUTWRITEIDX</name>
         <uninitialized>true</uninitialized>
         <run_address>0x3fc80</run_address>
         <size>0x4</size>
         <input_file_ref idref="fl-f"/>
      </object_component>
      <object_component id="oc-d6">
         <name>GETREADIDX</name>
         <uninitialized>true</uninitialized>
         <run_address>0x3fc84</run_address>
         <size>0x4</size>
         <input_file_ref idref="fl-f"/>
      </object_component>
      <object_component id="oc-d8">
         <name>GETBUFFER</name>
         <uninitialized>true</uninitialized>
         <run_address>0x3f800</run_address>
         <size>0x80</size>
         <input_file_ref idref="fl-f"/>
      </object_component>
      <object_component id="oc-d5">
         <name>GETWRITEIDX</name>
         <uninitialized>true</uninitialized>
         <run_address>0x3f880</run_address>
         <size>0x4</size>
         <input_file_ref idref="fl-f"/>
      </object_component>
      <object_component id="oc-d4">
         <name>PUTREADIDX</name>
         <uninitialized>true</uninitialized>
         <run_address>0x3f884</run_address>
         <size>0x4</size>
         <input_file_ref idref="fl-f"/>
      </object_component>
      <object_component id="oc-24a">
         <name>.TI.memcrc:_ccs_flash_checksum</name>
         <load_address>0x0</load_address>
         <run_address>0x0</run_address>
         <size>0x66</size>
      </object_component>
      <object_component id="oc-1a3">
         <name>PieVectTableFile</name>
         <uninitialized>true</uninitialized>
         <run_address>0xd00</run_address>
         <size>0x1c0</size>
         <input_file_ref idref="fl-20"/>
      </object_component>
      <object_component id="oc-170">
         <name>AccessProtectionRegsFile</name>
         <uninitialized>true</uninitialized>
         <run_address>0x5f4c0</run_address>
         <size>0x2e</size>
         <input_file_ref idref="fl-20"/>
      </object_component>
      <object_component id="oc-186">
         <name>AdcaRegsFile</name>
         <uninitialized>true</uninitialized>
         <run_address>0x7400</run_address>
         <size>0x7c</size>
         <input_file_ref idref="fl-20"/>
      </object_component>
      <object_component id="oc-188">
         <name>AdcbRegsFile</name>
         <uninitialized>true</uninitialized>
         <run_address>0x7480</run_address>
         <size>0x7c</size>
         <input_file_ref idref="fl-20"/>
      </object_component>
      <object_component id="oc-189">
         <name>AdccRegsFile</name>
         <uninitialized>true</uninitialized>
         <run_address>0x7500</run_address>
         <size>0x7c</size>
         <input_file_ref idref="fl-20"/>
      </object_component>
      <object_component id="oc-18a">
         <name>AdcdRegsFile</name>
         <uninitialized>true</uninitialized>
         <run_address>0x7580</run_address>
         <size>0x7c</size>
         <input_file_ref idref="fl-20"/>
      </object_component>
      <object_component id="oc-148">
         <name>AdcaResultRegsFile</name>
         <uninitialized>true</uninitialized>
         <run_address>0xb00</run_address>
         <size>0x18</size>
         <input_file_ref idref="fl-20"/>
      </object_component>
      <object_component id="oc-149">
         <name>AdcbResultRegsFile</name>
         <uninitialized>true</uninitialized>
         <run_address>0xb20</run_address>
         <size>0x18</size>
         <input_file_ref idref="fl-20"/>
      </object_component>
      <object_component id="oc-14a">
         <name>AdccResultRegsFile</name>
         <uninitialized>true</uninitialized>
         <run_address>0xb40</run_address>
         <size>0x18</size>
         <input_file_ref idref="fl-20"/>
      </object_component>
      <object_component id="oc-14b">
         <name>AdcdResultRegsFile</name>
         <uninitialized>true</uninitialized>
         <run_address>0xb60</run_address>
         <size>0x18</size>
         <input_file_ref idref="fl-20"/>
      </object_component>
      <object_component id="oc-174">
         <name>AnalogSubsysRegsFile</name>
         <uninitialized>true</uninitialized>
         <run_address>0x5d180</run_address>
         <size>0x3e</size>
         <input_file_ref idref="fl-20"/>
      </object_component>
      <object_component id="oc-19f">
         <name>CanaRegsFile</name>
         <uninitialized>true</uninitialized>
         <run_address>0x48000</run_address>
         <size>0x164</size>
         <input_file_ref idref="fl-20"/>
      </object_component>
      <object_component id="oc-1a0">
         <name>CanbRegsFile</name>
         <uninitialized>true</uninitialized>
         <run_address>0x4a000</run_address>
         <size>0x164</size>
         <input_file_ref idref="fl-20"/>
      </object_component>
      <object_component id="oc-175">
         <name>Cla1RegsFile</name>
         <uninitialized>true</uninitialized>
         <run_address>0x1400</run_address>
         <size>0x3e</size>
         <input_file_ref idref="fl-20"/>
      </object_component>
      <object_component id="oc-19a">
         <name>Clb1DataExchRegsFile</name>
         <uninitialized>true</uninitialized>
         <run_address>0x3200</run_address>
         <size>0x108</size>
         <input_file_ref idref="fl-20"/>
      </object_component>
      <object_component id="oc-19b">
         <name>Clb2DataExchRegsFile</name>
         <uninitialized>true</uninitialized>
         <run_address>0x3600</run_address>
         <size>0x108</size>
         <input_file_ref idref="fl-20"/>
      </object_component>
      <object_component id="oc-19c">
         <name>Clb3DataExchRegsFile</name>
         <uninitialized>true</uninitialized>
         <run_address>0x3a00</run_address>
         <size>0x108</size>
         <input_file_ref idref="fl-20"/>
      </object_component>
      <object_component id="oc-19d">
         <name>Clb4DataExchRegsFile</name>
         <uninitialized>true</uninitialized>
         <run_address>0x3e00</run_address>
         <size>0x108</size>
         <input_file_ref idref="fl-20"/>
      </object_component>
      <object_component id="oc-176">
         <name>Clb1LogicCfgRegsFile</name>
         <uninitialized>true</uninitialized>
         <run_address>0x3000</run_address>
         <size>0x3e</size>
         <input_file_ref idref="fl-20"/>
      </object_component>
      <object_component id="oc-177">
         <name>Clb2LogicCfgRegsFile</name>
         <uninitialized>true</uninitialized>
         <run_address>0x3400</run_address>
         <size>0x3e</size>
         <input_file_ref idref="fl-20"/>
      </object_component>
      <object_component id="oc-178">
         <name>Clb3LogicCfgRegsFile</name>
         <uninitialized>true</uninitialized>
         <run_address>0x3800</run_address>
         <size>0x3e</size>
         <input_file_ref idref="fl-20"/>
      </object_component>
      <object_component id="oc-179">
         <name>Clb4LogicCfgRegsFile</name>
         <uninitialized>true</uninitialized>
         <run_address>0x3c00</run_address>
         <size>0x3e</size>
         <input_file_ref idref="fl-20"/>
      </object_component>
      <object_component id="oc-17a">
         <name>Clb1LogicCtrlRegsFile</name>
         <uninitialized>true</uninitialized>
         <run_address>0x3100</run_address>
         <size>0x40</size>
         <input_file_ref idref="fl-20"/>
      </object_component>
      <object_component id="oc-17b">
         <name>Clb2LogicCtrlRegsFile</name>
         <uninitialized>true</uninitialized>
         <run_address>0x3500</run_address>
         <size>0x40</size>
         <input_file_ref idref="fl-20"/>
      </object_component>
      <object_component id="oc-17c">
         <name>Clb3LogicCtrlRegsFile</name>
         <uninitialized>true</uninitialized>
         <run_address>0x3900</run_address>
         <size>0x40</size>
         <input_file_ref idref="fl-20"/>
      </object_component>
      <object_component id="oc-17d">
         <name>Clb4LogicCtrlRegsFile</name>
         <uninitialized>true</uninitialized>
         <run_address>0x3d00</run_address>
         <size>0x40</size>
         <input_file_ref idref="fl-20"/>
      </object_component>
      <object_component id="oc-17e">
         <name>ClbXbarRegsFile</name>
         <uninitialized>true</uninitialized>
         <run_address>0x7a40</run_address>
         <size>0x40</size>
         <input_file_ref idref="fl-20"/>
      </object_component>
      <object_component id="oc-172">
         <name>ClkCfgRegsFile</name>
         <uninitialized>true</uninitialized>
         <run_address>0x5d200</run_address>
         <size>0x32</size>
         <input_file_ref idref="fl-20"/>
      </object_component>
      <object_component id="oc-155">
         <name>Cmpss1RegsFile</name>
         <uninitialized>true</uninitialized>
         <run_address>0x5c80</run_address>
         <size>0x1b</size>
         <input_file_ref idref="fl-20"/>
      </object_component>
      <object_component id="oc-156">
         <name>Cmpss2RegsFile</name>
         <uninitialized>true</uninitialized>
         <run_address>0x5ca0</run_address>
         <size>0x1b</size>
         <input_file_ref idref="fl-20"/>
      </object_component>
      <object_component id="oc-157">
         <name>Cmpss3RegsFile</name>
         <uninitialized>true</uninitialized>
         <run_address>0x5cc0</run_address>
         <size>0x1b</size>
         <input_file_ref idref="fl-20"/>
      </object_component>
      <object_component id="oc-158">
         <name>Cmpss4RegsFile</name>
         <uninitialized>true</uninitialized>
         <run_address>0x5ce0</run_address>
         <size>0x1b</size>
         <input_file_ref idref="fl-20"/>
      </object_component>
      <object_component id="oc-159">
         <name>Cmpss5RegsFile</name>
         <uninitialized>true</uninitialized>
         <run_address>0x5d00</run_address>
         <size>0x1b</size>
         <input_file_ref idref="fl-20"/>
      </object_component>
      <object_component id="oc-15a">
         <name>Cmpss6RegsFile</name>
         <uninitialized>true</uninitialized>
         <run_address>0x5d20</run_address>
         <size>0x1b</size>
         <input_file_ref idref="fl-20"/>
      </object_component>
      <object_component id="oc-15b">
         <name>Cmpss7RegsFile</name>
         <uninitialized>true</uninitialized>
         <run_address>0x5d40</run_address>
         <size>0x1b</size>
         <input_file_ref idref="fl-20"/>
      </object_component>
      <object_component id="oc-15c">
         <name>Cmpss8RegsFile</name>
         <uninitialized>true</uninitialized>
         <run_address>0x5d60</run_address>
         <size>0x1b</size>
         <input_file_ref idref="fl-20"/>
      </object_component>
      <object_component id="oc-137">
         <name>CpuTimer0RegsFile</name>
         <uninitialized>true</uninitialized>
         <run_address>0xc00</run_address>
         <size>0x8</size>
         <input_file_ref idref="fl-20"/>
      </object_component>
      <object_component id="oc-138">
         <name>CpuTimer1RegsFile</name>
         <uninitialized>true</uninitialized>
         <run_address>0xc08</run_address>
         <size>0x8</size>
         <input_file_ref idref="fl-20"/>
      </object_component>
      <object_component id="oc-139">
         <name>CpuTimer2RegsFile</name>
         <uninitialized>true</uninitialized>
         <run_address>0xc10</run_address>
         <size>0x8</size>
         <input_file_ref idref="fl-20"/>
      </object_component>
      <object_component id="oc-18b">
         <name>CpuSysRegsFile</name>
         <uninitialized>true</uninitialized>
         <run_address>0x5d300</run_address>
         <size>0x82</size>
         <input_file_ref idref="fl-20"/>
      </object_component>
      <object_component id="oc-133">
         <name>DacaRegsFile</name>
         <uninitialized>true</uninitialized>
         <run_address>0x5c00</run_address>
         <size>0x7</size>
         <input_file_ref idref="fl-20"/>
      </object_component>
      <object_component id="oc-134">
         <name>DacbRegsFile</name>
         <uninitialized>true</uninitialized>
         <run_address>0x5c10</run_address>
         <size>0x7</size>
         <input_file_ref idref="fl-20"/>
      </object_component>
      <object_component id="oc-135">
         <name>DaccRegsFile</name>
         <uninitialized>true</uninitialized>
         <run_address>0x5c20</run_address>
         <size>0x7</size>
         <input_file_ref idref="fl-20"/>
      </object_component>
      <object_component id="oc-131">
         <name>DcsmCommonRegsFile</name>
         <uninitialized>true</uninitialized>
         <run_address>0x5f070</run_address>
         <size>0x6</size>
         <input_file_ref idref="fl-20"/>
      </object_component>
      <object_component id="oc-15f">
         <name>DcsmZ1RegsFile</name>
         <uninitialized>true</uninitialized>
         <run_address>0x5f000</run_address>
         <size>0x22</size>
         <input_file_ref idref="fl-20"/>
      </object_component>
      <object_component id="oc-160">
         <name>DcsmZ2RegsFile</name>
         <uninitialized>true</uninitialized>
         <run_address>0x5f040</run_address>
         <size>0x22</size>
         <input_file_ref idref="fl-20"/>
      </object_component>
      <object_component id="oc-19e">
         <name>DevCfgRegsFile</name>
         <uninitialized>true</uninitialized>
         <run_address>0x5d000</run_address>
         <size>0x12e</size>
         <input_file_ref idref="fl-20"/>
      </object_component>
      <object_component id="oc-14c">
         <name>DmaClaSrcSelRegsFile</name>
         <uninitialized>true</uninitialized>
         <run_address>0x7980</run_address>
         <size>0x1a</size>
         <input_file_ref idref="fl-20"/>
      </object_component>
      <object_component id="oc-18c">
         <name>DmaRegsFile</name>
         <uninitialized>true</uninitialized>
         <run_address>0x1000</run_address>
         <size>0xe0</size>
         <input_file_ref idref="fl-20"/>
      </object_component>
      <object_component id="oc-14d">
         <name>ECap1RegsFile</name>
         <uninitialized>true</uninitialized>
         <run_address>0x5000</run_address>
         <size>0x1a</size>
         <input_file_ref idref="fl-20"/>
      </object_component>
      <object_component id="oc-14f">
         <name>ECap2RegsFile</name>
         <uninitialized>true</uninitialized>
         <run_address>0x5020</run_address>
         <size>0x1a</size>
         <input_file_ref idref="fl-20"/>
      </object_component>
      <object_component id="oc-150">
         <name>ECap3RegsFile</name>
         <uninitialized>true</uninitialized>
         <run_address>0x5040</run_address>
         <size>0x1a</size>
         <input_file_ref idref="fl-20"/>
      </object_component>
      <object_component id="oc-151">
         <name>ECap4RegsFile</name>
         <uninitialized>true</uninitialized>
         <run_address>0x5060</run_address>
         <size>0x1a</size>
         <input_file_ref idref="fl-20"/>
      </object_component>
      <object_component id="oc-152">
         <name>ECap5RegsFile</name>
         <uninitialized>true</uninitialized>
         <run_address>0x5080</run_address>
         <size>0x1a</size>
         <input_file_ref idref="fl-20"/>
      </object_component>
      <object_component id="oc-153">
         <name>ECap6RegsFile</name>
         <uninitialized>true</uninitialized>
         <run_address>0x50a0</run_address>
         <size>0x1a</size>
         <input_file_ref idref="fl-20"/>
      </object_component>
      <object_component id="oc-13a">
         <name>Emif1ConfigRegsFile</name>
         <uninitialized>true</uninitialized>
         <run_address>0x5f480</run_address>
         <size>0xa</size>
         <input_file_ref idref="fl-20"/>
      </object_component>
      <object_component id="oc-13b">
         <name>Emif2ConfigRegsFile</name>
         <uninitialized>true</uninitialized>
         <run_address>0x5f4a0</run_address>
         <size>0xa</size>
         <input_file_ref idref="fl-20"/>
      </object_component>
      <object_component id="oc-16c">
         <name>Emif1RegsFile</name>
         <uninitialized>true</uninitialized>
         <run_address>0x47000</run_address>
         <size>0x28</size>
         <input_file_ref idref="fl-20"/>
      </object_component>
      <object_component id="oc-16d">
         <name>Emif2RegsFile</name>
         <uninitialized>true</uninitialized>
         <run_address>0x47800</run_address>
         <size>0x28</size>
         <input_file_ref idref="fl-20"/>
      </object_component>
      <object_component id="oc-18d">
         <name>EPwm1RegsFile</name>
         <uninitialized>true</uninitialized>
         <run_address>0x4000</run_address>
         <size>0x100</size>
         <input_file_ref idref="fl-20"/>
      </object_component>
      <object_component id="oc-18f">
         <name>EPwm2RegsFile</name>
         <uninitialized>true</uninitialized>
         <run_address>0x4100</run_address>
         <size>0x100</size>
         <input_file_ref idref="fl-20"/>
      </object_component>
      <object_component id="oc-190">
         <name>EPwm3RegsFile</name>
         <uninitialized>true</uninitialized>
         <run_address>0x4200</run_address>
         <size>0x100</size>
         <input_file_ref idref="fl-20"/>
      </object_component>
      <object_component id="oc-191">
         <name>EPwm4RegsFile</name>
         <uninitialized>true</uninitialized>
         <run_address>0x4300</run_address>
         <size>0x100</size>
         <input_file_ref idref="fl-20"/>
      </object_component>
      <object_component id="oc-192">
         <name>EPwm5RegsFile</name>
         <uninitialized>true</uninitialized>
         <run_address>0x4400</run_address>
         <size>0x100</size>
         <input_file_ref idref="fl-20"/>
      </object_component>
      <object_component id="oc-193">
         <name>EPwm6RegsFile</name>
         <uninitialized>true</uninitialized>
         <run_address>0x4500</run_address>
         <size>0x100</size>
         <input_file_ref idref="fl-20"/>
      </object_component>
      <object_component id="oc-194">
         <name>EPwm7RegsFile</name>
         <uninitialized>true</uninitialized>
         <run_address>0x4600</run_address>
         <size>0x100</size>
         <input_file_ref idref="fl-20"/>
      </object_component>
      <object_component id="oc-195">
         <name>EPwm8RegsFile</name>
         <uninitialized>true</uninitialized>
         <run_address>0x4700</run_address>
         <size>0x100</size>
         <input_file_ref idref="fl-20"/>
      </object_component>
      <object_component id="oc-196">
         <name>EPwm9RegsFile</name>
         <uninitialized>true</uninitialized>
         <run_address>0x4800</run_address>
         <size>0x100</size>
         <input_file_ref idref="fl-20"/>
      </object_component>
      <object_component id="oc-197">
         <name>EPwm10RegsFile</name>
         <uninitialized>true</uninitialized>
         <run_address>0x4900</run_address>
         <size>0x100</size>
         <input_file_ref idref="fl-20"/>
      </object_component>
      <object_component id="oc-198">
         <name>EPwm11RegsFile</name>
         <uninitialized>true</uninitialized>
         <run_address>0x4a00</run_address>
         <size>0x100</size>
         <input_file_ref idref="fl-20"/>
      </object_component>
      <object_component id="oc-199">
         <name>EPwm12RegsFile</name>
         <uninitialized>true</uninitialized>
         <run_address>0x4b00</run_address>
         <size>0x100</size>
         <input_file_ref idref="fl-20"/>
      </object_component>
      <object_component id="oc-17f">
         <name>EPwmXbarRegsFile</name>
         <uninitialized>true</uninitialized>
         <run_address>0x7a00</run_address>
         <size>0x40</size>
         <input_file_ref idref="fl-20"/>
      </object_component>
      <object_component id="oc-161">
         <name>EQep1RegsFile</name>
         <uninitialized>true</uninitialized>
         <run_address>0x5100</run_address>
         <size>0x22</size>
         <input_file_ref idref="fl-20"/>
      </object_component>
      <object_component id="oc-163">
         <name>EQep2RegsFile</name>
         <uninitialized>true</uninitialized>
         <run_address>0x5140</run_address>
         <size>0x22</size>
         <input_file_ref idref="fl-20"/>
      </object_component>
      <object_component id="oc-164">
         <name>EQep3RegsFile</name>
         <uninitialized>true</uninitialized>
         <run_address>0x5180</run_address>
         <size>0x22</size>
         <input_file_ref idref="fl-20"/>
      </object_component>
      <object_component id="oc-1a2">
         <name>Flash0CtrlRegsFile</name>
         <uninitialized>true</uninitialized>
         <run_address>0x5f800</run_address>
         <size>0x182</size>
         <input_file_ref idref="fl-20"/>
      </object_component>
      <object_component id="oc-16e">
         <name>Flash0EccRegsFile</name>
         <uninitialized>true</uninitialized>
         <run_address>0x5fb00</run_address>
         <size>0x28</size>
         <input_file_ref idref="fl-20"/>
      </object_component>
      <object_component id="oc-12e">
         <name>FlashPumpSemaphoreRegsFile</name>
         <uninitialized>true</uninitialized>
         <run_address>0x50024</run_address>
         <size>0x2</size>
         <input_file_ref idref="fl-20"/>
      </object_component>
      <object_component id="oc-1a1">
         <name>GpioCtrlRegsFile</name>
         <uninitialized>true</uninitialized>
         <run_address>0x7c00</run_address>
         <size>0x180</size>
         <input_file_ref idref="fl-20"/>
      </object_component>
      <object_component id="oc-171">
         <name>GpioDataRegsFile</name>
         <uninitialized>true</uninitialized>
         <run_address>0x7f00</run_address>
         <size>0x30</size>
         <input_file_ref idref="fl-20"/>
      </object_component>
      <object_component id="oc-165">
         <name>I2caRegsFile</name>
         <uninitialized>true</uninitialized>
         <run_address>0x7300</run_address>
         <size>0x22</size>
         <input_file_ref idref="fl-20"/>
      </object_component>
      <object_component id="oc-167">
         <name>I2cbRegsFile</name>
         <uninitialized>true</uninitialized>
         <run_address>0x7340</run_address>
         <size>0x22</size>
         <input_file_ref idref="fl-20"/>
      </object_component>
      <object_component id="oc-15d">
         <name>InputXbarRegsFile</name>
         <uninitialized>true</uninitialized>
         <run_address>0x7900</run_address>
         <size>0x20</size>
         <input_file_ref idref="fl-20"/>
      </object_component>
      <object_component id="oc-168">
         <name>IpcRegsFile</name>
         <uninitialized>true</uninitialized>
         <run_address>0x50000</run_address>
         <size>0x24</size>
         <input_file_ref idref="fl-20"/>
      </object_component>
      <object_component id="oc-173">
         <name>MemoryErrorRegsFile</name>
         <uninitialized>true</uninitialized>
         <run_address>0x5f500</run_address>
         <size>0x3a</size>
         <input_file_ref idref="fl-20"/>
      </object_component>
      <object_component id="oc-185">
         <name>MemCfgRegsFile</name>
         <uninitialized>true</uninitialized>
         <run_address>0x5f400</run_address>
         <size>0x76</size>
         <input_file_ref idref="fl-20"/>
      </object_component>
      <object_component id="oc-169">
         <name>McbspaRegsFile</name>
         <uninitialized>true</uninitialized>
         <run_address>0x6000</run_address>
         <size>0x24</size>
         <input_file_ref idref="fl-20"/>
      </object_component>
      <object_component id="oc-16b">
         <name>McbspbRegsFile</name>
         <uninitialized>true</uninitialized>
         <run_address>0x6040</run_address>
         <size>0x24</size>
         <input_file_ref idref="fl-20"/>
      </object_component>
      <object_component id="oc-136">
         <name>NmiIntruptRegsFile</name>
         <uninitialized>true</uninitialized>
         <run_address>0x7060</run_address>
         <size>0x7</size>
         <input_file_ref idref="fl-20"/>
      </object_component>
      <object_component id="oc-180">
         <name>OutputXbarRegsFile</name>
         <uninitialized>true</uninitialized>
         <run_address>0x7a80</run_address>
         <size>0x40</size>
         <input_file_ref idref="fl-20"/>
      </object_component>
      <object_component id="oc-154">
         <name>PieCtrlRegsFile</name>
         <uninitialized>true</uninitialized>
         <run_address>0xce0</run_address>
         <size>0x1a</size>
         <input_file_ref idref="fl-20"/>
      </object_component>
      <object_component id="oc-12f">
         <name>RomPrefetchRegsFile</name>
         <uninitialized>true</uninitialized>
         <run_address>0x5e608</run_address>
         <size>0x2</size>
         <input_file_ref idref="fl-20"/>
      </object_component>
      <object_component id="oc-130">
         <name>RomWaitStateRegsFile</name>
         <uninitialized>true</uninitialized>
         <run_address>0x5f540</run_address>
         <size>0x2</size>
         <input_file_ref idref="fl-20"/>
      </object_component>
      <object_component id="oc-13e">
         <name>SciaRegsFile</name>
         <uninitialized>true</uninitialized>
         <run_address>0x7200</run_address>
         <size>0x10</size>
         <input_file_ref idref="fl-20"/>
      </object_component>
      <object_component id="oc-140">
         <name>ScibRegsFile</name>
         <uninitialized>true</uninitialized>
         <run_address>0x7210</run_address>
         <size>0x10</size>
         <input_file_ref idref="fl-20"/>
      </object_component>
      <object_component id="oc-141">
         <name>ScicRegsFile</name>
         <uninitialized>true</uninitialized>
         <run_address>0x7220</run_address>
         <size>0x10</size>
         <input_file_ref idref="fl-20"/>
      </object_component>
      <object_component id="oc-142">
         <name>ScidRegsFile</name>
         <uninitialized>true</uninitialized>
         <run_address>0x7230</run_address>
         <size>0x10</size>
         <input_file_ref idref="fl-20"/>
      </object_component>
      <object_component id="oc-181">
         <name>Sdfm1RegsFile</name>
         <uninitialized>true</uninitialized>
         <run_address>0x5e00</run_address>
         <size>0x48</size>
         <input_file_ref idref="fl-20"/>
      </object_component>
      <object_component id="oc-183">
         <name>Sdfm2RegsFile</name>
         <uninitialized>true</uninitialized>
         <run_address>0x5e80</run_address>
         <size>0x48</size>
         <input_file_ref idref="fl-20"/>
      </object_component>
      <object_component id="oc-143">
         <name>SpiaRegsFile</name>
         <uninitialized>true</uninitialized>
         <run_address>0x6100</run_address>
         <size>0x10</size>
         <input_file_ref idref="fl-20"/>
      </object_component>
      <object_component id="oc-145">
         <name>SpibRegsFile</name>
         <uninitialized>true</uninitialized>
         <run_address>0x6110</run_address>
         <size>0x10</size>
         <input_file_ref idref="fl-20"/>
      </object_component>
      <object_component id="oc-146">
         <name>SpicRegsFile</name>
         <uninitialized>true</uninitialized>
         <run_address>0x6120</run_address>
         <size>0x10</size>
         <input_file_ref idref="fl-20"/>
      </object_component>
      <object_component id="oc-132">
         <name>SyncSocRegsFile</name>
         <uninitialized>true</uninitialized>
         <run_address>0x7940</run_address>
         <size>0x6</size>
         <input_file_ref idref="fl-20"/>
      </object_component>
      <object_component id="oc-184">
         <name>UppRegsFile</name>
         <uninitialized>true</uninitialized>
         <run_address>0x6200</run_address>
         <size>0x48</size>
         <input_file_ref idref="fl-20"/>
      </object_component>
      <object_component id="oc-16f">
         <name>WdRegsFile</name>
         <uninitialized>true</uninitialized>
         <run_address>0x7000</run_address>
         <size>0x2b</size>
         <input_file_ref idref="fl-20"/>
      </object_component>
      <object_component id="oc-147">
         <name>UidRegsFile</name>
         <uninitialized>true</uninitialized>
         <run_address>0x703c0</run_address>
         <size>0x10</size>
         <input_file_ref idref="fl-20"/>
      </object_component>
      <object_component id="oc-13d">
         <name>XbarRegsFile</name>
         <uninitialized>true</uninitialized>
         <run_address>0x7920</run_address>
         <size>0xe</size>
         <input_file_ref idref="fl-20"/>
      </object_component>
      <object_component id="oc-13c">
         <name>XintRegsFile</name>
         <uninitialized>true</uninitialized>
         <run_address>0x7070</run_address>
         <size>0xb</size>
         <input_file_ref idref="fl-20"/>
      </object_component>
      <object_component id="oc-8e">
         <name>.debug_info</name>
         <load_address>0x0</load_address>
         <run_address>0x0</run_address>
         <size>0x46fc</size>
         <input_file_ref idref="fl-2"/>
      </object_component>
      <object_component id="oc-96">
         <name>.debug_info</name>
         <load_address>0x46fc</load_address>
         <run_address>0x46fc</run_address>
         <size>0x20d</size>
         <input_file_ref idref="fl-3"/>
      </object_component>
      <object_component id="oc-99">
         <name>.debug_info</name>
         <load_address>0x4909</load_address>
         <run_address>0x4909</run_address>
         <size>0x880</size>
         <input_file_ref idref="fl-4"/>
      </object_component>
      <object_component id="oc-a1">
         <name>.debug_info</name>
         <load_address>0x5189</load_address>
         <run_address>0x5189</run_address>
         <size>0x191</size>
         <input_file_ref idref="fl-5"/>
      </object_component>
      <object_component id="oc-a4">
         <name>.debug_info</name>
         <load_address>0x531a</load_address>
         <run_address>0x531a</run_address>
         <size>0x7f07</size>
         <input_file_ref idref="fl-6"/>
      </object_component>
      <object_component id="oc-aa">
         <name>.debug_info</name>
         <load_address>0xd221</load_address>
         <run_address>0xd221</run_address>
         <size>0x4779</size>
         <input_file_ref idref="fl-7"/>
      </object_component>
      <object_component id="oc-af">
         <name>.debug_info</name>
         <load_address>0x1199a</load_address>
         <run_address>0x1199a</run_address>
         <size>0x13ea1</size>
         <input_file_ref idref="fl-8"/>
      </object_component>
      <object_component id="oc-b4">
         <name>.debug_info</name>
         <load_address>0x2583b</load_address>
         <run_address>0x2583b</run_address>
         <size>0xf42f</size>
         <input_file_ref idref="fl-9"/>
      </object_component>
      <object_component id="oc-b9">
         <name>.debug_info</name>
         <load_address>0x34c6a</load_address>
         <run_address>0x34c6a</run_address>
         <size>0xf42f</size>
         <input_file_ref idref="fl-a"/>
      </object_component>
      <object_component id="oc-be">
         <name>.debug_info</name>
         <load_address>0x44099</load_address>
         <run_address>0x44099</run_address>
         <size>0x5593</size>
         <input_file_ref idref="fl-b"/>
      </object_component>
      <object_component id="oc-c3">
         <name>.debug_info</name>
         <load_address>0x4962c</load_address>
         <run_address>0x4962c</run_address>
         <size>0x19383</size>
         <input_file_ref idref="fl-c"/>
      </object_component>
      <object_component id="oc-c8">
         <name>.debug_info</name>
         <load_address>0x629af</load_address>
         <run_address>0x629af</run_address>
         <size>0xf42e</size>
         <input_file_ref idref="fl-d"/>
      </object_component>
      <object_component id="oc-cd">
         <name>.debug_info</name>
         <load_address>0x71ddd</load_address>
         <run_address>0x71ddd</run_address>
         <size>0x168b</size>
         <input_file_ref idref="fl-e"/>
      </object_component>
      <object_component id="oc-d2">
         <name>.debug_info</name>
         <load_address>0x73468</load_address>
         <run_address>0x73468</run_address>
         <size>0x1a0c</size>
         <input_file_ref idref="fl-f"/>
      </object_component>
      <object_component id="oc-dd">
         <name>.debug_info</name>
         <load_address>0x74e74</load_address>
         <run_address>0x74e74</run_address>
         <size>0x492a</size>
         <input_file_ref idref="fl-10"/>
      </object_component>
      <object_component id="oc-e2">
         <name>.debug_info</name>
         <load_address>0x7979e</load_address>
         <run_address>0x7979e</run_address>
         <size>0x17daf</size>
         <input_file_ref idref="fl-11"/>
      </object_component>
      <object_component id="oc-e7">
         <name>.debug_info</name>
         <load_address>0x9154d</load_address>
         <run_address>0x9154d</run_address>
         <size>0x103c8</size>
         <input_file_ref idref="fl-12"/>
      </object_component>
      <object_component id="oc-ec">
         <name>.debug_info</name>
         <load_address>0xa1915</load_address>
         <run_address>0xa1915</run_address>
         <size>0x34e6</size>
         <input_file_ref idref="fl-13"/>
      </object_component>
      <object_component id="oc-f1">
         <name>.debug_info</name>
         <load_address>0xa4dfb</load_address>
         <run_address>0xa4dfb</run_address>
         <size>0x66a1</size>
         <input_file_ref idref="fl-14"/>
      </object_component>
      <object_component id="oc-f6">
         <name>.debug_info</name>
         <load_address>0xab49c</load_address>
         <run_address>0xab49c</run_address>
         <size>0x1e6</size>
         <input_file_ref idref="fl-15"/>
      </object_component>
      <object_component id="oc-f8">
         <name>.debug_info</name>
         <load_address>0xab682</load_address>
         <run_address>0xab682</run_address>
         <size>0xfd16</size>
         <input_file_ref idref="fl-16"/>
      </object_component>
      <object_component id="oc-fd">
         <name>.debug_info</name>
         <load_address>0xbb398</load_address>
         <run_address>0xbb398</run_address>
         <size>0xbeaa</size>
         <input_file_ref idref="fl-17"/>
      </object_component>
      <object_component id="oc-102">
         <name>.debug_info</name>
         <load_address>0xc7242</load_address>
         <run_address>0xc7242</run_address>
         <size>0x4f3c</size>
         <input_file_ref idref="fl-18"/>
      </object_component>
      <object_component id="oc-108">
         <name>.debug_info</name>
         <load_address>0xcc17e</load_address>
         <run_address>0xcc17e</run_address>
         <size>0x109d1</size>
         <input_file_ref idref="fl-19"/>
      </object_component>
      <object_component id="oc-10d">
         <name>.debug_info</name>
         <load_address>0xdcb4f</load_address>
         <run_address>0xdcb4f</run_address>
         <size>0x2a47</size>
         <input_file_ref idref="fl-1a"/>
      </object_component>
      <object_component id="oc-112">
         <name>.debug_info</name>
         <load_address>0xdf596</load_address>
         <run_address>0xdf596</run_address>
         <size>0x346c</size>
         <input_file_ref idref="fl-1b"/>
      </object_component>
      <object_component id="oc-119">
         <name>.debug_info</name>
         <load_address>0xe2a02</load_address>
         <run_address>0xe2a02</run_address>
         <size>0x1ffc</size>
         <input_file_ref idref="fl-1c"/>
      </object_component>
      <object_component id="oc-11e">
         <name>.debug_info</name>
         <load_address>0xe49fe</load_address>
         <run_address>0xe49fe</run_address>
         <size>0x10350</size>
         <input_file_ref idref="fl-1d"/>
      </object_component>
      <object_component id="oc-122">
         <name>.debug_info</name>
         <load_address>0xf4d4e</load_address>
         <run_address>0xf4d4e</run_address>
         <size>0x194</size>
         <input_file_ref idref="fl-1e"/>
      </object_component>
      <object_component id="oc-125">
         <name>.debug_info</name>
         <load_address>0xf4ee2</load_address>
         <run_address>0xf4ee2</run_address>
         <size>0x38da</size>
         <input_file_ref idref="fl-1f"/>
      </object_component>
      <object_component id="oc-12d">
         <name>.debug_info</name>
         <load_address>0xf87bc</load_address>
         <run_address>0xf87bc</run_address>
         <size>0x5748f</size>
         <input_file_ref idref="fl-20"/>
      </object_component>
      <object_component id="oc-1a5">
         <name>.debug_info</name>
         <load_address>0x14fc4b</load_address>
         <run_address>0x14fc4b</run_address>
         <size>0x216f</size>
         <input_file_ref idref="fl-21"/>
      </object_component>
      <object_component id="oc-1ad">
         <name>.debug_info</name>
         <load_address>0x151dba</load_address>
         <run_address>0x151dba</run_address>
         <size>0xba2</size>
         <input_file_ref idref="fl-2b"/>
      </object_component>
      <object_component id="oc-1b3">
         <name>.debug_info</name>
         <load_address>0x15295c</load_address>
         <run_address>0x15295c</run_address>
         <size>0x181e</size>
         <input_file_ref idref="fl-2c"/>
      </object_component>
      <object_component id="oc-1b9">
         <name>.debug_info</name>
         <load_address>0x15417a</load_address>
         <run_address>0x15417a</run_address>
         <size>0xf11</size>
         <input_file_ref idref="fl-2d"/>
      </object_component>
      <object_component id="oc-1bf">
         <name>.debug_info</name>
         <load_address>0x15508b</load_address>
         <run_address>0x15508b</run_address>
         <size>0xae2</size>
         <input_file_ref idref="fl-2e"/>
      </object_component>
      <object_component id="oc-1c8">
         <name>.debug_info</name>
         <load_address>0x155b6d</load_address>
         <run_address>0x155b6d</run_address>
         <size>0x246c</size>
         <input_file_ref idref="fl-2f"/>
      </object_component>
      <object_component id="oc-1d1">
         <name>.debug_info</name>
         <load_address>0x157fd9</load_address>
         <run_address>0x157fd9</run_address>
         <size>0x173</size>
         <input_file_ref idref="fl-3b"/>
      </object_component>
      <object_component id="oc-1d6">
         <name>.debug_info</name>
         <load_address>0x15814c</load_address>
         <run_address>0x15814c</run_address>
         <size>0x114</size>
         <input_file_ref idref="fl-3c"/>
      </object_component>
      <object_component id="oc-1db">
         <name>.debug_info</name>
         <load_address>0x158260</load_address>
         <run_address>0x158260</run_address>
         <size>0x176</size>
         <input_file_ref idref="fl-3d"/>
      </object_component>
      <object_component id="oc-1df">
         <name>.debug_info</name>
         <load_address>0x1583d6</load_address>
         <run_address>0x1583d6</run_address>
         <size>0x561</size>
         <input_file_ref idref="fl-3e"/>
      </object_component>
      <object_component id="oc-1e4">
         <name>.debug_info</name>
         <load_address>0x158937</load_address>
         <run_address>0x158937</run_address>
         <size>0x43a</size>
         <input_file_ref idref="fl-3f"/>
      </object_component>
      <object_component id="oc-1e9">
         <name>.debug_info</name>
         <load_address>0x158d71</load_address>
         <run_address>0x158d71</run_address>
         <size>0x3ad</size>
         <input_file_ref idref="fl-40"/>
      </object_component>
      <object_component id="oc-1ee">
         <name>.debug_info</name>
         <load_address>0x15911e</load_address>
         <run_address>0x15911e</run_address>
         <size>0x3aa</size>
         <input_file_ref idref="fl-41"/>
      </object_component>
      <object_component id="oc-1f3">
         <name>.debug_info</name>
         <load_address>0x1594c8</load_address>
         <run_address>0x1594c8</run_address>
         <size>0x544</size>
         <input_file_ref idref="fl-42"/>
      </object_component>
      <object_component id="oc-1fa">
         <name>.debug_info</name>
         <load_address>0x159a0c</load_address>
         <run_address>0x159a0c</run_address>
[...]
         <name>_CanbRegs</name>
         <value>0x4a000</value>
         <object_component_ref idref="oc-1a0"/>
      </symbol>
      <symbol id="sm-584">
         <name>_ECap6Regs</name>
         <value>0x50a0</value>
         <object_component_ref idref="oc-153"/>
      </symbol>
      <symbol id="sm-585">
         <name>_ClbXbarRegs</name>
         <value>0x7a40</value>
         <object_component_ref idref="oc-17e"/>
      </symbol>
      <symbol id="sm-586">
         <name>_DmaRegs</name>
         <value>0x1000</value>
         <object_component_ref idref="oc-18c"/>
      </symbol>
      <symbol id="sm-587">
         <name>_XintRegs</name>
         <value>0x7070</value>
         <object_component_ref idref="oc-13c"/>
      </symbol>
      <symbol id="sm-588">
         <name>_CpuTimer0Regs</name>
         <value>0xc00</value>
         <object_component_ref idref="oc-137"/>
      </symbol>
      <symbol id="sm-589">
         <name>_Cmpss5Regs</name>
         <value>0x5d00</value>
         <object_component_ref idref="oc-159"/>
      </symbol>
      <symbol id="sm-58a">
         <name>_Emif1Regs</name>
         <value>0x47000</value>
         <object_component_ref idref="oc-16c"/>
      </symbol>
      <symbol id="sm-58b">
         <name>_AccessProtectionRegs</name>
         <value>0x5f4c0</value>
         <object_component_ref idref="oc-170"/>
      </symbol>
      <symbol id="sm-58c">
         <name>_MemCfgRegs</name>
         <value>0x5f400</value>
         <object_component_ref idref="oc-185"/>
      </symbol>
      <symbol id="sm-58d">
         <name>_DacaRegs</name>
         <value>0x5c00</value>
         <object_component_ref idref="oc-133"/>
      </symbol>
      <symbol id="sm-58e">
         <name>_McbspbRegs</name>
         <value>0x6040</value>
         <object_component_ref idref="oc-16b"/>
      </symbol>
      <symbol id="sm-58f">
         <name>_EPwm6Regs</name>
         <value>0x4500</value>
         <object_component_ref idref="oc-193"/>
      </symbol>
      <symbol id="sm-590">
         <name>_AdcaRegs</name>
         <value>0x7400</value>
         <object_component_ref idref="oc-186"/>
      </symbol>
      <symbol id="sm-591">
         <name>_SciaRegs</name>
         <value>0x7200</value>
         <object_component_ref idref="oc-13e"/>
      </symbol>
      <symbol id="sm-592">
         <name>_EPwm11Regs</name>
         <value>0x4a00</value>
         <object_component_ref idref="oc-198"/>
      </symbol>
      <symbol id="sm-593">
         <name>_GpioDataRegs</name>
         <value>0x7f00</value>
         <object_component_ref idref="oc-171"/>
      </symbol>
      <symbol id="sm-594">
         <name>_Sdfm1Regs</name>
         <value>0x5e00</value>
         <object_component_ref idref="oc-181"/>
      </symbol>
      <symbol id="sm-595">
         <name>_Cmpss2Regs</name>
         <value>0x5ca0</value>
         <object_component_ref idref="oc-156"/>
      </symbol>
      <symbol id="sm-596">
         <name>_Emif2Regs</name>
         <value>0x47800</value>
         <object_component_ref idref="oc-16d"/>
      </symbol>
      <symbol id="sm-597">
         <name>_DcsmZ1Regs</name>
         <value>0x5f000</value>
         <object_component_ref idref="oc-15f"/>
      </symbol>
      <symbol id="sm-598">
         <name>_Flash0CtrlRegs</name>
         <value>0x5f800</value>
         <object_component_ref idref="oc-1a2"/>
      </symbol>
      <symbol id="sm-599">
         <name>_EPwm7Regs</name>
         <value>0x4600</value>
         <object_component_ref idref="oc-194"/>
      </symbol>
      <symbol id="sm-59a">
         <name>_SpicRegs</name>
         <value>0x6120</value>
         <object_component_ref idref="oc-146"/>
      </symbol>
      <symbol id="sm-59b">
         <name>_Clb4DataExchRegs</name>
         <value>0x3e00</value>
         <object_component_ref idref="oc-19d"/>
      </symbol>
      <symbol id="sm-59c">
         <name>_EPwm10Regs</name>
         <value>0x4900</value>
         <object_component_ref idref="oc-197"/>
      </symbol>
      <symbol id="sm-59d">
         <name>_CpuTimer2Regs</name>
         <value>0xc10</value>
         <object_component_ref idref="oc-139"/>
      </symbol>
      <symbol id="sm-59e">
         <name>_Clb3LogicCfgRegs</name>
         <value>0x3800</value>
         <object_component_ref idref="oc-178"/>
      </symbol>
      <symbol id="sm-59f">
         <name>_DmaClaSrcSelRegs</name>
         <value>0x7980</value>
         <object_component_ref idref="oc-14c"/>
      </symbol>
      <symbol id="sm-5a0">
         <name>_AnalogSubsysRegs</name>
         <value>0x5d180</value>
         <object_component_ref idref="oc-174"/>
      </symbol>
      <symbol id="sm-5a1">
         <name>_Cmpss3Regs</name>
         <value>0x5cc0</value>
         <object_component_ref idref="oc-157"/>
      </symbol>
      <symbol id="sm-5a2">
         <name>_DaccRegs</name>
         <value>0x5c20</value>
         <object_component_ref idref="oc-135"/>
      </symbol>
      <symbol id="sm-5a3">
         <name>_PieCtrlRegs</name>
         <value>0xce0</value>
         <object_component_ref idref="oc-154"/>
      </symbol>
      <symbol id="sm-5a4">
         <name>_DevCfgRegs</name>
         <value>0x5d000</value>
         <object_component_ref idref="oc-19e"/>
      </symbol>
      <symbol id="sm-5a5">
         <name>_SpibRegs</name>
         <value>0x6110</value>
         <object_component_ref idref="oc-145"/>
      </symbol>
      <symbol id="sm-5a6">
         <name>_Clb1LogicCtrlRegs</name>
         <value>0x3100</value>
         <object_component_ref idref="oc-17a"/>
      </symbol>
      <symbol id="sm-5a7">
         <name>_AdccRegs</name>
         <value>0x7500</value>
         <object_component_ref idref="oc-189"/>
      </symbol>
      <symbol id="sm-5a8">
         <name>_ScicRegs</name>
         <value>0x7220</value>
         <object_component_ref idref="oc-141"/>
      </symbol>
      <symbol id="sm-5a9">
         <name>_ECap1Regs</name>
         <value>0x5000</value>
         <object_component_ref idref="oc-14d"/>
      </symbol>
      <symbol id="sm-5aa">
         <name>_OutputXbarRegs</name>
         <value>0x7a80</value>
         <object_component_ref idref="oc-180"/>
      </symbol>
      <symbol id="sm-5ab">
         <name>_MemoryErrorRegs</name>
         <value>0x5f500</value>
         <object_component_ref idref="oc-173"/>
      </symbol>
      <symbol id="sm-5ac">
         <name>_Cla1Regs</name>
         <value>0x1400</value>
         <object_component_ref idref="oc-175"/>
      </symbol>
      <symbol id="sm-5ad">
         <name>_EQep1Regs</name>
         <value>0x5100</value>
         <object_component_ref idref="oc-161"/>
      </symbol>
      <symbol id="sm-5ae">
         <name>_DacbRegs</name>
         <value>0x5c10</value>
         <object_component_ref idref="oc-134"/>
      </symbol>
      <symbol id="sm-5af">
         <name>_Clb2DataExchRegs</name>
         <value>0x3600</value>
         <object_component_ref idref="oc-19b"/>
      </symbol>
      <symbol id="sm-5b0">
         <name>_Clb4LogicCfgRegs</name>
         <value>0x3c00</value>
         <object_component_ref idref="oc-179"/>
      </symbol>
      <symbol id="sm-5b1">
         <name>_UidRegs</name>
         <value>0x703c0</value>
         <object_component_ref idref="oc-147"/>
      </symbol>
      <symbol id="sm-5b2">
         <name>_McbspaRegs</name>
         <value>0x6000</value>
         <object_component_ref idref="oc-169"/>
      </symbol>
      <symbol id="sm-5b3">
         <name>_EPwm1Regs</name>
         <value>0x4000</value>
         <object_component_ref idref="oc-18d"/>
      </symbol>
      <symbol id="sm-5b4">
         <name>_Clb3LogicCtrlRegs</name>
         <value>0x3900</value>
         <object_component_ref idref="oc-17c"/>
      </symbol>
      <symbol id="sm-5b5">
         <name>_AdcbRegs</name>
         <value>0x7480</value>
         <object_component_ref idref="oc-188"/>
      </symbol>
      <symbol id="sm-5b6">
         <name>_ScibRegs</name>
         <value>0x7210</value>
         <object_component_ref idref="oc-140"/>
      </symbol>
      <symbol id="sm-5b7">
         <name>_AdcaResultRegs</name>
         <value>0xb00</value>
         <object_component_ref idref="oc-148"/>
      </symbol>
      <symbol id="sm-5b8">
         <name>_ECap2Regs</name>
         <value>0x5020</value>
         <object_component_ref idref="oc-14f"/>
      </symbol>
      <symbol id="sm-5b9">
         <name>_EPwm12Regs</name>
         <value>0x4b00</value>
         <object_component_ref idref="oc-199"/>
      </symbol>
      <symbol id="sm-5ba">
         <name>_AdcbResultRegs</name>
         <value>0xb20</value>
         <object_component_ref idref="oc-149"/>
      </symbol>
      <symbol id="sm-5bb">
         <name>_Clb1LogicCfgRegs</name>
         <value>0x3000</value>
         <object_component_ref idref="oc-176"/>
      </symbol>
      <symbol id="sm-5bc">
         <name>_AdccResultRegs</name>
         <value>0xb40</value>
         <object_component_ref idref="oc-14a"/>
      </symbol>
      <symbol id="sm-5bd">
         <name>_Emif1ConfigRegs</name>
         <value>0x5f480</value>
         <object_component_ref idref="oc-13a"/>
      </symbol>
      <symbol id="sm-5be">
         <name>_Sdfm2Regs</name>
         <value>0x5e80</value>
         <object_component_ref idref="oc-183"/>
      </symbol>
      <symbol id="sm-5bf">
         <name>_AdcdResultRegs</name>
         <value>0xb60</value>
         <object_component_ref idref="oc-14b"/>
      </symbol>
      <symbol id="sm-5c0">
         <name>_EQep2Regs</name>
         <value>0x5140</value>
         <object_component_ref idref="oc-163"/>
      </symbol>
      <symbol id="sm-5c1">
         <name>_Cmpss1Regs</name>
         <value>0x5c80</value>
         <object_component_ref idref="oc-155"/>
      </symbol>
      <symbol id="sm-5c2">
         <name>_EPwm8Regs</name>
         <value>0x4700</value>
         <object_component_ref idref="oc-195"/>
      </symbol>
      <symbol id="sm-5c3">
         <name>_Emif2ConfigRegs</name>
         <value>0x5f4a0</value>
         <object_component_ref idref="oc-13b"/>
      </symbol>
      <symbol id="sm-5c4">
         <name>_DcsmCommonRegs</name>
         <value>0x5f070</value>
         <object_component_ref idref="oc-131"/>
      </symbol>
      <symbol id="sm-5c5">
         <name>_EPwm2Regs</name>
         <value>0x4100</value>
         <object_component_ref idref="oc-18f"/>
      </symbol>
      <symbol id="sm-5c6">
         <name>_ECap3Regs</name>
         <value>0x5040</value>
         <object_component_ref idref="oc-150"/>
      </symbol>
      <symbol id="sm-5c7">
         <name>_Cmpss8Regs</name>
         <value>0x5d60</value>
         <object_component_ref idref="oc-15c"/>
      </symbol>
      <symbol id="sm-5c8">
         <name>_EQep3Regs</name>
         <value>0x5180</value>
         <object_component_ref idref="oc-164"/>
      </symbol>
      <symbol id="sm-5c9">
         <name>_SyncSocRegs</name>
         <value>0x7940</value>
         <object_component_ref idref="oc-132"/>
      </symbol>
      <symbol id="sm-5ca">
         <name>_EPwm9Regs</name>
         <value>0x4800</value>
         <object_component_ref idref="oc-196"/>
      </symbol>
      <symbol id="sm-5cb">
         <name>_NmiIntruptRegs</name>
         <value>0x7060</value>
         <object_component_ref idref="oc-136"/>
      </symbol>
      <symbol id="sm-5cc">
         <name>_EPwm3Regs</name>
         <value>0x4200</value>
         <object_component_ref idref="oc-190"/>
      </symbol>
      <symbol id="sm-5cd">
         <name>_I2caRegs</name>
         <value>0x7300</value>
         <object_component_ref idref="oc-165"/>
      </symbol>
      <symbol id="sm-5fe">
         <name>_main</name>
         <value>0x82b9e</value>
         <object_component_ref idref="oc-219"/>
      </symbol>
      <symbol id="sm-600">
         <name>_ADCINA2_1C</name>
         <value>0xa878</value>
         <object_component_ref idref="oc-1a7"/>
      </symbol>
      <symbol id="sm-601">
         <name>_ADCINA4_1B</name>
         <value>0xa876</value>
         <object_component_ref idref="oc-1a7"/>
      </symbol>
      <symbol id="sm-602">
         <name>_initADC_SOC</name>
         <value>0x82c20</value>
         <object_component_ref idref="oc-219"/>
      </symbol>
      <symbol id="sm-604">
         <name>_ADC_result_1</name>
         <value>0xa870</value>
         <object_component_ref idref="oc-1a7"/>
      </symbol>
      <symbol id="sm-605">
         <name>_ADC_result_3</name>
         <value>0xa872</value>
         <object_component_ref idref="oc-1a7"/>
      </symbol>
      <symbol id="sm-606">
         <name>_ADC_result_2</name>
         <value>0xa871</value>
         <object_component_ref idref="oc-1a7"/>
      </symbol>
      <symbol id="sm-607">
         <name>_ADCINA0_1A</name>
         <value>0xa874</value>
         <object_component_ref idref="oc-1a7"/>
      </symbol>
      <symbol id="sm-608">
         <name>_configADC</name>
         <value>0x82c04</value>
         <object_component_ref idref="oc-219"/>
      </symbol>
      <symbol id="sm-63b">
         <name>_ADC_setMode</name>
         <value>0x832b6</value>
         <object_component_ref idref="oc-21f"/>
      </symbol>
      <symbol id="sm-63d">
         <name>_ADC_setINLTrim</name>
         <value>0x82f7d</value>
         <object_component_ref idref="oc-22d"/>
      </symbol>
      <symbol id="sm-63f">
         <name>_ADC_setOffsetTrim</name>
         <value>0x83054</value>
         <object_component_ref idref="oc-22e"/>
      </symbol>
      <symbol id="sm-683">
         <name>_Flash_initModule</name>
         <value>0x8000</value>
         <object_component_ref idref="oc-222"/>
      </symbol>
      <symbol id="sm-6a4">
         <name>_GPIO_setControllerCore</name>
         <value>0x831e0</value>
         <object_component_ref idref="oc-22a"/>
      </symbol>
      <symbol id="sm-6a6">
         <name>_GPIO_setPinConfig</name>
         <value>0x83217</value>
         <object_component_ref idref="oc-229"/>
      </symbol>
      <symbol id="sm-6a8">
         <name>_GPIO_setDirectionMode</name>
         <value>0x83285</value>
         <object_component_ref idref="oc-227"/>
      </symbol>
      <symbol id="sm-6aa">
         <name>_GPIO_setQualificationMode</name>
         <value>0x8324e</value>
         <object_component_ref idref="oc-228"/>
      </symbol>
      <symbol id="sm-6ce">
         <name>_Interrupt_illegalOperationHandler</name>
         <value>0x8351e</value>
         <object_component_ref idref="oc-1c1"/>
      </symbol>
      <symbol id="sm-6d0">
         <name>_Interrupt_initVectorTable</name>
         <value>0x8339f</value>
         <object_component_ref idref="oc-21e"/>
      </symbol>
      <symbol id="sm-6d2">
         <name>_Interrupt_initModule</name>
         <value>0x831a3</value>
         <object_component_ref idref="oc-21d"/>
      </symbol>
      <symbol id="sm-6d4">
         <name>_Interrupt_nmiHandler</name>
         <value>0x83528</value>
         <object_component_ref idref="oc-1c2"/>
      </symbol>
      <symbol id="sm-6d6">
         <name>_Interrupt_defaultHandler</name>
         <value>0x83458</value>
         <object_component_ref idref="oc-1c0"/>
      </symbol>
      <symbol id="sm-75c">
         <name>_SysCtl_selectXTAL</name>
         <value>0x82e65</value>
         <object_component_ref idref="oc-23f"/>
      </symbol>
      <symbol id="sm-75e">
         <name>_SysCtl_delay</name>
         <value>0x8128</value>
         <object_component_ref idref="oc-1c9"/>
      </symbol>
      <symbol id="sm-75f">
         <name>_SysCtl_selectOscSource</name>
         <value>0x8315b</value>
         <object_component_ref idref="oc-23c"/>
      </symbol>
      <symbol id="sm-761">
         <name>_SysCtl_setClock</name>
         <value>0x82c5c</value>
         <object_component_ref idref="oc-224"/>
      </symbol>
      <symbol id="sm-763">
         <name>_SysCtl_getLowSpeedClock</name>
         <value>0x8340f</value>
         <object_component_ref idref="oc-226"/>
      </symbol>
      <symbol id="sm-765">
         <name>_SysCtl_getClock</name>
         <value>0x8310a</value>
         <object_component_ref idref="oc-225"/>
      </symbol>
      <symbol id="sm-767">
         <name>_SysCtl_getDeviceParametric</name>
         <value>0x82fec</value>
         <object_component_ref idref="oc-223"/>
      </symbol>
      <symbol id="sm-783">
         <name>_c_int00</name>
         <value>0x830b4</value>
         <object_component_ref idref="oc-8d"/>
      </symbol>
      <symbol id="sm-784">
         <name>__stack</name>
         <value>0x400</value>
         <object_component_ref idref="oc-1cf"/>
      </symbol>
      <symbol id="sm-795">
         <name>FS$$DIV</name>
         <value>0x82ef5</value>
         <object_component_ref idref="oc-1d5"/>
      </symbol>
      <symbol id="sm-7a1">
         <name>LL$$AND</name>
         <value>0x83429</value>
         <object_component_ref idref="oc-1da"/>
      </symbol>
      <symbol id="sm-7a2">
         <name>LL$$OR</name>
         <value>0x83431</value>
         <object_component_ref idref="oc-1da"/>
      </symbol>
      <symbol id="sm-7a3">
         <name>LL$$XOR</name>
         <value>0x83439</value>
         <object_component_ref idref="oc-1da"/>
      </symbol>
      <symbol id="sm-7b2">
         <name>_copy_in</name>
         <value>0x8335c</value>
         <object_component_ref idref="oc-20a"/>
      </symbol>
      <symbol id="sm-7c4">
         <name>_memcpy</name>
         <value>0x833bd</value>
         <object_component_ref idref="oc-218"/>
      </symbol>
      <symbol id="sm-7d1">
         <name>__system_pre_init</name>
         <value>0x83556</value>
         <object_component_ref idref="oc-209"/>
      </symbol>
      <symbol id="sm-7df">
         <name>__system_post_cinit</name>
         <value>0x83558</value>
         <object_component_ref idref="oc-20b"/>
      </symbol>
      <symbol id="sm-7f4">
         <name>C$$EXIT</name>
         <value>0x832e5</value>
         <object_component_ref idref="oc-20d"/>
      </symbol>
      <symbol id="sm-7f5">
         <name>_exit</name>
         <value>0x832e7</value>
         <object_component_ref idref="oc-20d"/>
      </symbol>
      <symbol id="sm-7f7">
         <name>___TI_cleanup_ptr</name>
         <value>0xa896</value>
         <object_component_ref idref="oc-1f5"/>
      </symbol>
      <symbol id="sm-7f8">
         <name>___TI_enable_exit_profile_output</name>
         <value>0xa894</value>
         <object_component_ref idref="oc-1f5"/>
      </symbol>
      <symbol id="sm-7f9">
         <name>_abort</name>
         <value>0x832e5</value>
         <object_component_ref idref="oc-20d"/>
      </symbol>
      <symbol id="sm-7fb">
         <name>___TI_dtors_ptr</name>
         <value>0xa898</value>
         <object_component_ref idref="oc-1f5"/>
      </symbol>
      <symbol id="sm-80f">
         <name>__unlock</name>
         <value>0xa8a8</value>
         <object_component_ref idref="oc-22f"/>
      </symbol>
      <symbol id="sm-810">
         <name>__lock</name>
         <value>0xa8a6</value>
         <object_component_ref idref="oc-21a"/>
      </symbol>
      <symbol id="sm-811">
         <name>__register_lock</name>
         <value>0x8353f</value>
         <object_component_ref idref="oc-220"/>
      </symbol>
      <symbol id="sm-813">
         <name>__nop</name>
         <value>0x83543</value>
         <object_component_ref idref="oc-220"/>
      </symbol>
      <symbol id="sm-815">
         <name>__register_unlock</name>
         <value>0x8353b</value>
         <object_component_ref idref="oc-220"/>
      </symbol>
      <symbol id="sm-825">
         <name>__args_main</name>
         <value>0x834a6</value>
         <object_component_ref idref="oc-20c"/>
      </symbol>
   </symbol_table>
   <title>Link successful</title>
</link_info>
